w3e101@w3e101:~$ docker images
REPOSITORY         TAG       IMAGE ID       CREATED       SIZE
scraping-scraper   latest    898c5d58cd11   2 days ago    738MB
ollama/ollama      latest    325786c469da   12 days ago   3.3GB
<none>             <none>    08b6856c6539   12 days ago   738MB
<none>             <none>    ad320f006b7f   12 days ago   738MB
<none>             <none>    7c73ad0c31d2   12 days ago   738MB
<none>             <none>    504cbe881b1e   12 days ago   738MB
<none>             <none>    94a9a17161aa   12 days ago   738MB
<none>             <none>    64631e9e8ab9   12 days ago   724MB
<none>             <none>    f440eae45959   12 days ago   727MB
<none>             <none>    f454aed3dc3b   12 days ago   727MB
<none>             <none>    7de3b73295be   12 days ago   727MB
<none>             <none>    02f9c38216a5   12 days ago   727MB
<none>             <none>    1e4a1933373e   12 days ago   727MB
<none>             <none>    d26a7a72525e   12 days ago   727MB
<none>             <none>    1222e51f1290   12 days ago   727MB
<none>             <none>    f72e25cb6a3c   12 days ago   727MB
<none>             <none>    47fe6a9e6c4e   12 days ago   727MB
<none>             <none>    7e5271e78403   12 days ago   727MB
<none>             <none>    b63fba0e9da9   12 days ago   727MB
<none>             <none>    6b1c505e366d   12 days ago   727MB
<none>             <none>    2cc3f088cc90   12 days ago   727MB
<none>             <none>    da25d68be553   12 days ago   727MB
<none>             <none>    d7322b68df57   13 days ago   727MB
dpage/pgadmin4     latest    199b8ca63523   2 weeks ago   507MB
postgres           15        4ff1e3b62d7d   5 weeks ago   426MB
w3e101@w3e101:~$ docker run -d -v ollama:/root/.ollama -p 11434:11434 --name ollama ollama/ollama
docker: Error response from daemon: Conflict. The container name "/ollama" is already in use by container "a3ce7683ed69d6369e36c24d9cc834a677028121ec1a87663d1826677ebcfdbc". You have to remove (or rename) that container to be able to reuse that name.
See 'docker run --help'.
w3e101@w3e101:~$ docker ps
CONTAINER ID   IMAGE     COMMAND   CREATED   STATUS    PORTS     NAMES
w3e101@w3e101:~$ docker stop ollama
docker rm ollama
ollama
ollama
w3e101@w3e101:~$ docker run -d -v ollama:/root/.ollama -p 11434:11434 --name ollama ollama/ollama
949045fce90e5ab638a8bcb7b6b6f46b344b483a129beaec6b39c8ec25127585
w3e101@w3e101:~$ docker ps
CONTAINER ID   IMAGE           COMMAND               CREATED          STATUS          PORTS                                           NAMES
949045fce90e   ollama/ollama   "/bin/ollama serve"   20 seconds ago   Up 19 seconds   0.0.0.0:11434->11434/tcp, :::11434->11434/tcp   ollama
w3e101@w3e101:~$ docker exec -it 949045fce90e /bin/bash
root@949045fce90e:/# ollama help
Large language model runner

Usage:
  ollama [flags]
  ollama [command]

Available Commands:
  serve       Start ollama
  create      Create a model from a Modelfile
  show        Show information for a model
  run         Run a model
  stop        Stop a running model
  pull        Pull a model from a registry
  push        Push a model to a registry
  list        List models
  ps          List running models
  cp          Copy a model
  rm          Remove a model
  help        Help about any command

Flags:
  -h, --help      help for ollama
  -v, --version   Show version information

Use "ollama [command] --help" for more information about a command.
root@949045fce90e:/# ollama list
NAME    ID    SIZE    MODIFIED 
root@949045fce90e:/# list
bash: list: command not found
root@949045fce90e:/# ollama list
NAME    ID    SIZE    MODIFIED 
root@949045fce90e:/# ollama pull phi-3
pulling manifest 
Error: pull model manifest: file does not exist
root@949045fce90e:/# ollama pull phi3:mini
pulling manifest 
pulling 633fc5be925f...  20% ▕████████████████████████                                                                                                ▏ 436 MB/2.2 GB                  
Error: max retries exceeded: unexpected EOF
root@949045fce90e:/# ollama pull phi3:mini
pulling manifest 
pulling 633fc5be925f... 100% ▕████████████████████████████████████████████████████████████████████████████████████████████████████████████████████████▏ 2.2 GB                         
pulling fa8235e5b48f... 100% ▕████████████████████████████████████████████████████████████████████████████████████████████████████████████████████████▏ 1.1 KB                         
pulling 542b217f179c... 100% ▕████████████████████████████████████████████████████████████████████████████████████████████████████████████████████████▏  148 B                         
pulling 8dde1baf1db0... 100% ▕████████████████████████████████████████████████████████████████████████████████████████████████████████████████████████▏   78 B                         
pulling 23291dc44752... 100% ▕████████████████████████████████████████████████████████████████████████████████████████████████████████████████████████▏  483 B                         
verifying sha256 digest 
writing manifest 
success 
root@949045fce90e:/# ollama list
NAME         ID              SIZE      MODIFIED 